2025-10-17T21:56:12.752Z Webshop enrichment 0
2025-10-17T21:56:12.813Z Webshop enrichment 1
2025-10-17T21:56:12.850Z Webshop enrichment 2
2025-10-17T21:56:12.887Z Webshop enrichment 3
2025-10-17T21:56:12.925Z Webshop enrichment 4
2025-10-17T21:56:12.959Z Webshop enrichment 5
2025-10-17T21:56:12.994Z Webshop enrichment 6
2025-10-17T21:56:13.030Z Webshop enrichment 7
2025-10-17T21:56:13.065Z Webshop enrichment 8
2025-10-17T21:56:13.102Z Webshop enrichment 9
2025-10-17T21:56:13.138Z Webshop elastic 0
2025-10-17T21:56:13.239Z Webshop elastic 1
2025-10-17T21:56:13.288Z Webshop elastic 2
2025-10-17T21:56:13.333Z Webshop elastic 3
2025-10-17T21:56:13.383Z Webshop elastic 4
2025-10-17T21:56:13.434Z Webshop elastic 5
2025-10-17T21:56:13.481Z Webshop elastic 6
2025-10-17T21:56:13.527Z Webshop elastic 7
2025-10-17T21:56:13.571Z Webshop elastic 8
2025-10-17T21:56:13.615Z Webshop elastic 9
2025-10-17T21:56:13.658Z Webshop kubernetes 0
2025-10-17T21:56:13.702Z Webshop kubernetes 1
2025-10-17T21:56:13.744Z Webshop kubernetes 2
2025-10-17T21:56:13.788Z Webshop kubernetes 3
2025-10-17T21:56:13.831Z Webshop kubernetes 4
2025-10-17T21:56:13.876Z Webshop kubernetes 5
2025-10-17T21:56:13.922Z Webshop kubernetes 6
2025-10-17T21:56:13.966Z Webshop kubernetes 7
2025-10-17T21:56:14.009Z Webshop kubernetes 8
2025-10-17T21:56:14.053Z Webshop kubernetes 9
2025-10-17T21:56:14.094Z Webshop static 0
2025-10-17T21:56:14.138Z Webshop static 1
2025-10-17T21:56:14.182Z Webshop static 2
2025-10-17T21:56:14.224Z Webshop static 3
2025-10-17T21:56:14.267Z Webshop static 4
2025-10-17T21:56:14.310Z Webshop static 5
2025-10-17T21:56:14.353Z Webshop static 6
2025-10-17T21:56:14.395Z Webshop static 7
2025-10-17T21:56:14.437Z Webshop static 8
2025-10-17T21:56:14.479Z Webshop static 9
2025-10-17T21:56:14.521Z Webshop static-large 0
2025-10-17T21:56:14.564Z Webshop static-large 1
2025-10-17T21:56:14.607Z Webshop static-large 2
2025-10-17T21:56:14.649Z Webshop static-large 3
2025-10-17T21:56:14.692Z Webshop static-large 4
2025-10-17T21:56:14.735Z Webshop static-large 5
2025-10-17T21:56:14.786Z Webshop static-large 6
2025-10-17T21:56:14.829Z Webshop static-large 7
2025-10-17T21:56:14.875Z Webshop static-large 8
2025-10-17T21:56:14.918Z Webshop static-large 9
2025-10-17T21:56:15.003Z Online Boutique enrichment 0
2025-10-17T21:56:15.100Z Online Boutique enrichment 1
2025-10-17T21:56:15.199Z Online Boutique enrichment 2
2025-10-17T21:56:15.295Z Online Boutique enrichment 3
2025-10-17T21:56:15.394Z Online Boutique enrichment 4
2025-10-17T21:56:15.495Z Online Boutique enrichment 5
2025-10-17T21:56:15.595Z Online Boutique enrichment 6
2025-10-17T21:56:15.691Z Online Boutique enrichment 7
2025-10-17T21:56:15.787Z Online Boutique enrichment 8
2025-10-17T21:56:15.889Z Online Boutique enrichment 9
2025-10-17T21:56:15.995Z Online Boutique gcp 0
2025-10-17T21:56:16.098Z Online Boutique gcp 1
2025-10-17T21:56:16.196Z Online Boutique gcp 2
2025-10-17T21:56:16.301Z Online Boutique gcp 3
2025-10-17T21:56:16.402Z Online Boutique gcp 4
2025-10-17T21:56:16.498Z Online Boutique gcp 5
2025-10-17T21:56:16.595Z Online Boutique gcp 6
2025-10-17T21:56:16.692Z Online Boutique gcp 7
2025-10-17T21:56:16.790Z Online Boutique gcp 8
2025-10-17T21:56:16.888Z Online Boutique gcp 9
2025-10-17T21:56:16.986Z Online Boutique kubernetes 0
2025-10-17T21:56:17.088Z Online Boutique kubernetes 1
2025-10-17T21:56:17.189Z Online Boutique kubernetes 2
2025-10-17T21:56:17.287Z Online Boutique kubernetes 3
2025-10-17T21:56:17.387Z Online Boutique kubernetes 4
2025-10-17T21:56:17.485Z Online Boutique kubernetes 5
2025-10-17T21:56:17.583Z Online Boutique kubernetes 6
2025-10-17T21:56:17.679Z Online Boutique kubernetes 7
2025-10-17T21:56:17.776Z Online Boutique kubernetes 8
2025-10-17T21:56:17.878Z Online Boutique kubernetes 9
2025-10-17T21:56:17.975Z Online Boutique os-large 0
2025-10-17T21:56:18.077Z Online Boutique os-large 1
2025-10-17T21:56:18.175Z Online Boutique os-large 2
2025-10-17T21:56:18.271Z Online Boutique os-large 3
2025-10-17T21:56:18.367Z Online Boutique os-large 4
2025-10-17T21:56:18.464Z Online Boutique os-large 5
2025-10-17T21:56:18.561Z Online Boutique os-large 6
2025-10-17T21:56:18.660Z Online Boutique os-large 7
2025-10-17T21:56:18.759Z Online Boutique os-large 8
2025-10-17T21:56:18.856Z Online Boutique os-large 9
2025-10-17T21:56:18.954Z Online Boutique os-medium 0
2025-10-17T21:56:19.056Z Online Boutique os-medium 1
2025-10-17T21:56:19.156Z Online Boutique os-medium 2
2025-10-17T21:56:19.255Z Online Boutique os-medium 3
2025-10-17T21:56:19.354Z Online Boutique os-medium 4
2025-10-17T21:56:19.453Z Online Boutique os-medium 5
2025-10-17T21:56:19.553Z Online Boutique os-medium 6
2025-10-17T21:56:19.648Z Online Boutique os-medium 7
2025-10-17T21:56:19.744Z Online Boutique os-medium 8
2025-10-17T21:56:19.841Z Online Boutique os-medium 9
2025-10-17T21:56:20.013Z smark enrichment 0
2025-10-17T21:56:20.176Z smark enrichment 1
2025-10-17T21:56:20.326Z smark enrichment 2
2025-10-17T21:56:20.480Z smark enrichment 3
2025-10-17T21:56:20.635Z smark enrichment 4
2025-10-17T21:56:20.788Z smark enrichment 5
2025-10-17T21:56:20.940Z smark enrichment 6
2025-10-17T21:56:21.096Z smark enrichment 7
2025-10-17T21:56:21.257Z smark enrichment 8
2025-10-17T21:56:21.410Z smark enrichment 9
2025-10-17T21:56:21.564Z smark customer 0
2025-10-17T21:56:21.724Z smark customer 1
2025-10-17T21:56:21.868Z smark customer 2
2025-10-17T21:56:22.012Z smark customer 3
2025-10-17T21:56:22.162Z smark customer 4
2025-10-17T21:56:22.305Z smark customer 5
2025-10-17T21:56:22.450Z smark customer 6
2025-10-17T21:56:22.593Z smark customer 7
2025-10-17T21:56:22.736Z smark customer 8
2025-10-17T21:56:22.879Z smark customer 9
2025-10-17T21:56:23.020Z smark development 0
2025-10-17T21:56:23.164Z smark development 1
2025-10-17T21:56:23.305Z smark development 2
2025-10-17T21:56:23.447Z smark development 3
2025-10-17T21:56:23.589Z smark development 4
2025-10-17T21:56:23.734Z smark development 5
2025-10-17T21:56:23.882Z smark development 6
2025-10-17T21:56:24.026Z smark development 7
2025-10-17T21:56:24.172Z smark development 8
2025-10-17T21:56:24.315Z smark development 9
2025-10-17T21:56:24.464Z smark hyperscaler 0
2025-10-17T21:56:24.612Z smark hyperscaler 1
2025-10-17T21:56:24.754Z smark hyperscaler 2
2025-10-17T21:56:24.914Z smark hyperscaler 3
2025-10-17T21:56:25.059Z smark hyperscaler 4
2025-10-17T21:56:25.203Z smark hyperscaler 5
2025-10-17T21:56:25.349Z smark hyperscaler 6
2025-10-17T21:56:25.493Z smark hyperscaler 7
2025-10-17T21:56:25.637Z smark hyperscaler 8
2025-10-17T21:56:25.779Z smark hyperscaler 9
2025-10-17T21:56:25.921Z smark local 0
2025-10-17T21:56:26.150Z smark local 1
2025-10-17T21:56:26.385Z smark local 2
2025-10-17T21:56:26.618Z smark local 3
2025-10-17T21:56:26.852Z smark local 4
2025-10-17T21:56:27.082Z smark local 5
2025-10-17T21:56:27.319Z smark local 6
2025-10-17T21:56:27.547Z smark local 7
2025-10-17T21:56:27.781Z smark local 8
2025-10-17T21:56:28.016Z smark local 9
2025-10-17T21:56:28.333Z smark (2x) enrichment 0
2025-10-17T21:56:28.567Z smark (2x) enrichment 1
2025-10-17T21:56:28.802Z smark (2x) enrichment 2
2025-10-17T21:56:29.040Z smark (2x) enrichment 3
2025-10-17T21:56:29.274Z smark (2x) enrichment 4
2025-10-17T21:56:29.514Z smark (2x) enrichment 5
2025-10-17T21:56:29.750Z smark (2x) enrichment 6
2025-10-17T21:56:29.990Z smark (2x) enrichment 7
2025-10-17T21:56:30.230Z smark (2x) enrichment 8
2025-10-17T21:56:30.479Z smark (2x) enrichment 9
2025-10-17T21:56:30.709Z smark (2x) customer 0
2025-10-17T21:56:30.924Z smark (2x) customer 1
2025-10-17T21:56:31.137Z smark (2x) customer 2
2025-10-17T21:56:31.345Z smark (2x) customer 3
2025-10-17T21:56:31.561Z smark (2x) customer 4
2025-10-17T21:56:31.772Z smark (2x) customer 5
2025-10-17T21:56:31.986Z smark (2x) customer 6
2025-10-17T21:56:32.200Z smark (2x) customer 7
2025-10-17T21:56:32.404Z smark (2x) customer 8
2025-10-17T21:56:32.613Z smark (2x) customer 9
2025-10-17T21:56:32.827Z smark (2x) development 0
2025-10-17T21:56:33.036Z smark (2x) development 1
2025-10-17T21:56:33.245Z smark (2x) development 2
2025-10-17T21:56:33.462Z smark (2x) development 3
2025-10-17T21:56:33.668Z smark (2x) development 4
2025-10-17T21:56:33.882Z smark (2x) development 5
2025-10-17T21:56:34.090Z smark (2x) development 6
2025-10-17T21:56:34.310Z smark (2x) development 7
2025-10-17T21:56:34.533Z smark (2x) development 8
2025-10-17T21:56:34.749Z smark (2x) development 9
2025-10-17T21:56:34.970Z smark (2x) hyperscaler 0
2025-10-17T21:56:35.189Z smark (2x) hyperscaler 1
2025-10-17T21:56:35.397Z smark (2x) hyperscaler 2
2025-10-17T21:56:35.612Z smark (2x) hyperscaler 3
2025-10-17T21:56:35.822Z smark (2x) hyperscaler 4
2025-10-17T21:56:36.033Z smark (2x) hyperscaler 5
2025-10-17T21:56:36.241Z smark (2x) hyperscaler 6
2025-10-17T21:56:36.451Z smark (2x) hyperscaler 7
2025-10-17T21:56:36.663Z smark (2x) hyperscaler 8
2025-10-17T21:56:36.883Z smark (2x) hyperscaler 9
2025-10-17T21:56:37.089Z smark (2x) local 0
2025-10-17T21:56:37.419Z smark (2x) local 1
2025-10-17T21:56:37.757Z smark (2x) local 2
2025-10-17T21:56:38.086Z smark (2x) local 3
2025-10-17T21:56:38.413Z smark (2x) local 4
2025-10-17T21:56:38.746Z smark (2x) local 5
2025-10-17T21:56:39.074Z smark (2x) local 6
2025-10-17T21:56:39.413Z smark (2x) local 7
2025-10-17T21:56:39.763Z smark (2x) local 8
2025-10-17T21:56:40.096Z smark (2x) local 9
2025-10-17T21:56:40.510Z smark (3x) enrichment 0
2025-10-17T21:56:40.834Z smark (3x) enrichment 1
2025-10-17T21:56:41.153Z smark (3x) enrichment 2
2025-10-17T21:56:41.469Z smark (3x) enrichment 3
2025-10-17T21:56:41.792Z smark (3x) enrichment 4
2025-10-17T21:56:42.106Z smark (3x) enrichment 5
2025-10-17T21:56:42.426Z smark (3x) enrichment 6
2025-10-17T21:56:42.776Z smark (3x) enrichment 7
2025-10-17T21:56:43.104Z smark (3x) enrichment 8
2025-10-17T21:56:43.416Z smark (3x) enrichment 9
2025-10-17T21:56:43.734Z smark (3x) customer 0
2025-10-17T21:56:44.015Z smark (3x) customer 1
2025-10-17T21:56:44.291Z smark (3x) customer 2
2025-10-17T21:56:44.562Z smark (3x) customer 3
2025-10-17T21:56:44.840Z smark (3x) customer 4
2025-10-17T21:56:45.112Z smark (3x) customer 5
2025-10-17T21:56:45.391Z smark (3x) customer 6
2025-10-17T21:56:45.664Z smark (3x) customer 7
2025-10-17T21:56:45.943Z smark (3x) customer 8
2025-10-17T21:56:46.222Z smark (3x) customer 9
2025-10-17T21:56:46.492Z smark (3x) development 0
2025-10-17T21:56:46.772Z smark (3x) development 1
2025-10-17T21:56:47.049Z smark (3x) development 2
2025-10-17T21:56:47.329Z smark (3x) development 3
2025-10-17T21:56:47.606Z smark (3x) development 4
2025-10-17T21:56:47.893Z smark (3x) development 5
2025-10-17T21:56:48.167Z smark (3x) development 6
2025-10-17T21:56:48.441Z smark (3x) development 7
2025-10-17T21:56:48.716Z smark (3x) development 8
2025-10-17T21:56:49.004Z smark (3x) development 9
2025-10-17T21:56:49.275Z smark (3x) hyperscaler 0
2025-10-17T21:56:49.551Z smark (3x) hyperscaler 1
2025-10-17T21:56:49.827Z smark (3x) hyperscaler 2
2025-10-17T21:56:50.107Z smark (3x) hyperscaler 3
2025-10-17T21:56:50.389Z smark (3x) hyperscaler 4
2025-10-17T21:56:50.669Z smark (3x) hyperscaler 5
2025-10-17T21:56:50.943Z smark (3x) hyperscaler 6
2025-10-17T21:56:51.219Z smark (3x) hyperscaler 7
2025-10-17T21:56:51.497Z smark (3x) hyperscaler 8
2025-10-17T21:56:51.773Z smark (3x) hyperscaler 9
2025-10-17T21:56:52.054Z smark (3x) local 0
2025-10-17T21:56:52.606Z smark (3x) local 1
2025-10-17T21:56:53.159Z smark (3x) local 2
2025-10-17T21:56:53.706Z smark (3x) local 3
2025-10-17T21:56:54.266Z smark (3x) local 4
2025-10-17T21:56:54.816Z smark (3x) local 5
2025-10-17T21:56:55.372Z smark (3x) local 6
2025-10-17T21:56:55.926Z smark (3x) local 7
2025-10-17T21:56:56.479Z smark (3x) local 8
2025-10-17T21:56:57.032Z smark (3x) local 9
----------------------------------
Enrichment Total

\addplot+[color=black, mark=square*, mark options={fill=black}] coordinates {
    (101,36) (251,98) (561,153.5) (1088,237) (1615,318.5)
};

\node at (axis cs:101,36) {Webshop};
\node at (axis cs:251,98) {Online Boutique};
\node at (axis cs:561,153.5) {smark};
\node at (axis cs:1088,237) {smark (2x)};
\node at (axis cs:1615,318.5) {smark (3x)};

----------------------------------
Enrichment Read

\addplot+[color=black, mark=square*, mark options={fill=black}] coordinates {
    (101,23) (251,61) (561,66.5) (1088,67.5) (1615,68)
};

\node at (axis cs:101,23) {Webshop};
\node at (axis cs:251,61) {Online Boutique};
\node at (axis cs:561,66.5) {smark};
\node at (axis cs:1088,67.5) {smark (2x)};
\node at (axis cs:1615,68) {smark (3x)};

----------------------------------
Enrichment Write

\addplot+[color=black, mark=square*, mark options={fill=black}] coordinates {
    (101,2) (251,5) (561,14.5) (1088,29.5) (1615,44.5)
};

\node at (axis cs:101,2) {Webshop};
\node at (axis cs:251,5) {Online Boutique};
\node at (axis cs:561,14.5) {smark};
\node at (axis cs:1088,29.5) {smark (2x)};
\node at (axis cs:1615,44.5) {smark (3x)};

----------------------------------
Enrichment Elements

\addplot+[color=black, mark=square*, mark options={fill=black}] coordinates {
    (101,6) (251,24) (561,58.5) (1088,113.5) (1615,170)
};

\node at (axis cs:101,6) {Webshop};
\node at (axis cs:251,24) {Online Boutique};
\node at (axis cs:561,58.5) {smark};
\node at (axis cs:1088,113.5) {smark (2x)};
\node at (axis cs:1615,170) {smark (3x)};

----------------------------------
Enrichment Conditions

\addplot+[color=black, mark=square*, mark options={fill=black}] coordinates {
    (101,1) (251,3.5) (561,9) (1088,17.5) (1615,25.5)
};

\node at (axis cs:101,1) {Webshop};
\node at (axis cs:251,3.5) {Online Boutique};
\node at (axis cs:561,9) {smark};
\node at (axis cs:1088,17.5) {smark (2x)};
\node at (axis cs:1615,25.5) {smark (3x)};

----------------------------------
Enrichment Constraints

\addplot+[color=black, mark=square*, mark options={fill=black}] coordinates {
    (101,0) (251,0) (561,0) (1088,0) (1615,0)
};

\node at (axis cs:101,0) {Webshop};
\node at (axis cs:251,0) {Online Boutique};
\node at (axis cs:561,0) {smark};
\node at (axis cs:1088,0) {smark (2x)};
\node at (axis cs:1615,0) {smark (3x)};

----------------------------------
Resolving Total

\addplot+[color=black, mark=x, only marks, mark options={fill=black}] coordinates {
    (101,46) (101,42.5) (101,41.5) (101,42) (251,96) (251,97) (251,95.5) (251,97) (561,141) (561,141.5) (561,142) (561,231.5) (1088,210) (1088,210.5) (1088,206.5) (1088,329.5) (1615,271.5) (1615,271.5) (1615,271) (1615,549)
};

\addplot+[color=black, mark=square*, mark options={fill=black}] coordinates {
    (101,43) (251,96.375) (561,164) (1088,239.125) (1615,340.75)
};

\node at (axis cs:101,43) {Webshop};
\node at (axis cs:251,96.375) {Online Boutique};
\node at (axis cs:561,164) {smark};
\node at (axis cs:1088,239.125) {smark (2x)};
\node at (axis cs:1615,340.75) {smark (3x)};

----------------------------------
Resolving Read

\addplot+[color=black, mark=x, only marks, mark options={fill=black}] coordinates {
    (101,24) (101,24) (101,24) (101,24) (251,64.5) (251,65) (251,64) (251,64.5) (561,74.5) (561,75) (561,75) (561,76) (1088,83) (1088,83.5) (1088,83) (1088,83.5) (1615,94) (1615,95) (1615,95) (1615,95)
};

\addplot+[color=black, mark=square*, mark options={fill=black}] coordinates {
    (101,24) (251,64.5) (561,75.125) (1088,83.25) (1615,94.75)
};

\node at (axis cs:101,24) {Webshop};
\node at (axis cs:251,64.5) {Online Boutique};
\node at (axis cs:561,75.125) {smark};
\node at (axis cs:1088,83.25) {smark (2x)};
\node at (axis cs:1615,94.75) {smark (3x)};

----------------------------------
Resolving Write

\addplot+[color=black, mark=x, only marks, mark options={fill=black}] coordinates {
    (101,0) (101,0) (101,0) (101,0) (251,0) (251,0) (251,0) (251,0) (561,1) (561,1) (561,1) (561,1) (1088,2) (1088,2) (1088,2) (1088,2) (1615,3) (1615,3) (1615,3) (1615,3)
};

\addplot+[color=black, mark=square*, mark options={fill=black}] coordinates {
    (101,0) (251,0) (561,1) (1088,2) (1615,3)
};

\node at (axis cs:101,0) {Webshop};
\node at (axis cs:251,0) {Online Boutique};
\node at (axis cs:561,1) {smark};
\node at (axis cs:1088,2) {smark (2x)};
\node at (axis cs:1615,3) {smark (3x)};

----------------------------------
Resolving SAT

\addplot+[color=black, mark=x, only marks, mark options={fill=black}] coordinates {
    (101,5) (101,4) (101,4) (101,4) (251,14) (251,14) (251,14) (251,13) (561,28) (561,28) (561,28.5) (561,29) (1088,55) (1088,55.5) (1088,54.5) (1088,55.5) (1615,80) (1615,80) (1615,79) (1615,80)
};

\addplot+[color=black, mark=square*, mark options={fill=black}] coordinates {
    (101,4.25) (251,13.75) (561,28.375) (1088,55.125) (1615,79.75)
};

\node at (axis cs:101,4.25) {Webshop};
\node at (axis cs:251,13.75) {Online Boutique};
\node at (axis cs:561,28.375) {smark};
\node at (axis cs:1088,55.125) {smark (2x)};
\node at (axis cs:1615,79.75) {smark (3x)};

----------------------------------
Resolving Solve

\addplot+[color=black, mark=x, only marks, mark options={fill=black}] coordinates {
    (101,7) (101,6) (101,6) (101,6) (251,9.5) (251,10) (251,9) (251,10) (561,28) (561,27.5) (561,27.5) (561,115) (1088,55) (1088,57) (1088,56) (1088,175) (1615,78.5) (1615,79.5) (1615,82) (1615,357)
};

\addplot+[color=black, mark=square*, mark options={fill=black}] coordinates {
    (101,6.25) (251,9.625) (561,49.5) (1088,85.75) (1615,149.25)
};

\node at (axis cs:101,6.25) {Webshop};
\node at (axis cs:251,9.625) {Online Boutique};
\node at (axis cs:561,49.5) {smark};
\node at (axis cs:1088,85.75) {smark (2x)};
\node at (axis cs:1615,149.25) {smark (3x)};

----------------------------------
Resolving EDM

\addplot+[color=black, mark=x, only marks, mark options={fill=black}] coordinates {
    (101,0) (101,0) (101,0) (101,0) (251,0) (251,0) (251,0) (251,0) (561,1) (561,1) (561,1) (561,1) (1088,1) (1088,1.5) (1088,1) (1088,1) (1615,2) (1615,2) (1615,2) (1615,2)
};

\addplot+[color=black, mark=square*, mark options={fill=black}] coordinates {
    (101,0) (251,0) (561,1) (1088,1.125) (1615,2)
};

\node at (axis cs:101,0) {Webshop};
\node at (axis cs:251,0) {Online Boutique};
\node at (axis cs:561,1) {smark};
\node at (axis cs:1088,1.125) {smark (2x)};
\node at (axis cs:1615,2) {smark (3x)};

----------------------------------
Resolving Report

\addplot+[color=black, mark=x, only marks, mark options={fill=black}] coordinates {
    (101,0) (101,0) (101,0) (101,0) (251,0) (251,0) (251,0) (251,0) (561,0) (561,0) (561,0) (561,0) (1088,0) (1088,0) (1088,0) (1088,0) (1615,0) (1615,0) (1615,0) (1615,0)
};

\addplot+[color=black, mark=square*, mark options={fill=black}] coordinates {
    (101,0) (251,0) (561,0) (1088,0) (1615,0)
};

\node at (axis cs:101,0) {Webshop};
\node at (axis cs:251,0) {Online Boutique};
\node at (axis cs:561,0) {smark};
\node at (axis cs:1088,0) {smark (2x)};
\node at (axis cs:1615,0) {smark (3x)};

----------------------------------
stats
Webshop & 101 & 14 & 20 & 41 & 4 & 0 & 20 & 2 \\
Online Boutique & 251 & 25 & 65 & 123 & 16 & 0 & 20 & 2 \\
smark & 561 & 52 & 150 & 290 & 23 & 0 & 36 & 10 \\
smark (2x) & 1088 & 104 & 300 & 580 & 46 & 0 & 38 & 20 \\
smark (3x) & 1615 & 156 & 450 & 870 & 69 & 0 & 40 & 30 \\
